// Jest Snapshot v1, https://goo.gl/fbAQLP

exports[`<Card /> render this UI as expected 1`] = `
<div
  className="Card"
>
  <button
    type="button"
  >
    delete
  </button>
  <h3>
    Some title
  </h3>
  <p>
    A string of content
  </p>
</div>
`;
